<testsuites id="" name="" tests="0" failures="0" skipped="0" errors="0" time="0.011585000000000036">
</testsuites>